// Jest Snapshot v1, https://goo.gl/fbAQLP

exports[`App should render without problem 1`] = `
<div>
  Fetching data...
</div>
`;
